// Jest Snapshot v1, https://goo.gl/fbAQLP

exports[`Pruebas con <GifGridItem/> debe de mostrar el componente correctamente 1`] = `
<div
  className="card animate__animated animate__pulse"
>
  <img
    alt="Titulo"
    src="http://localhost:8900/epale"
  />
  <p>
    Titulo
  </p>
</div>
`;
